[www.ravendao.net/index.html]
[backblue.gif]
[fade.gif]
[index.html]
[cdn.prod.website-files.com/65fa91c32ad38172e40465d1/css/ravenio.webflow.4bd889e3b.min.css]
[cdn.prod.website-files.com/65fa91c32ad38172e40465d1/6658424d358020319df84cde_raven-favicon.png]
[cdn.prod.website-files.com/65fa91c32ad38172e40465d1/66584250aa918a6a5a7f31c4_raven-webclip.png]
[cdn.prod.website-files.com/65fa91c32ad38172e40465d1/660bd54e256032354626d870_Raven-home-1.webp]
[cdn.prod.website-files.com/65fa91c32ad38172e40465d1/662f5526e6fb78fc17575e18_Raven - Meme.webp]
[cdn.prod.website-files.com/65fa91c32ad38172e40465d1/663a188f08617fbd2e1cbe5e_raven-footer-bg.webp]
[d3e54v103j8qbb.cloudfront.net/js/jquery-3.5.1.min.dc5e7f18c8e76a.js]
[cdn.prod.website-files.com/65fa91c32ad38172e40465d1/js/webflow.b7aa613f7.js]
[cdn.jsdelivr.net/npm/gsap@3.12.5/dist/gsap.min.js]
[cdn.jsdelivr.net/npm/gsap@3.12.5/dist/ScrollTrigger.min.js]
[cdn.jsdelivr.net/npm/gsap@3.12.5/dist/ScrollToPlugin.min.js]
[cdnjs.cloudflare.com/ajax/libs/gsap/3.10.4/CustomEase.min.js]
[cdn.prod.website-files.com/64f452f84acedba66508ff17/64f4591a9ab17a34b0023c97_ScrambleTextPlugin.min.txt]
[cdnjs.cloudflare.com/ajax/libs/gsap/3.10.4/ScrambleTextPlugin.min.js]
[www.ravendao.net/index.html]
[cdn.prod.website-files.com/65fa91c32ad38172e40465d1/css/ravenio.webflow.4bd889e3b.min.css]
[www.ravendao.net/_https_/cdn.prod.website-files.com/65fa91c32ad38172e40465d1/6669c4b9fb66238ee8ab62d3_Latest (1)-poster-00001.jpg_]
[ravenio.vercel.app/main.js]
[cdnjs.cloudflare.com/ajax/libs/gsap/3.10.4/ScrambleTextPlugin.min.html]
